Archive member included to satisfy reference by file (symbol)

/opt/gcc-linaro-7.2.1-2017.11-x86_64_arm-eabi/arm-eabi/libc/usr/lib/libc.a(lib_a-atoi.o)
                              ./../../../build/tcc70xx/gcc/tcc70xx-freertos-debug/obj/audio_test.o (atoi)
/opt/gcc-linaro-7.2.1-2017.11-x86_64_arm-eabi/arm-eabi/libc/usr/lib/libc.a(lib_a-memcmp.o)
                              ./../../../build/tcc70xx/gcc/tcc70xx-freertos-debug/obj/FreeRTOS_ARP.o (memcmp)
/opt/gcc-linaro-7.2.1-2017.11-x86_64_arm-eabi/arm-eabi/libc/usr/lib/libc.a(lib_a-memcpy-stub.o)
                              ./../../../build/tcc70xx/gcc/tcc70xx-freertos-debug/obj/main.o (memcpy)
/opt/gcc-linaro-7.2.1-2017.11-x86_64_arm-eabi/arm-eabi/libc/usr/lib/libc.a(lib_a-memmove.o)
                              ./../../../build/tcc70xx/gcc/tcc70xx-freertos-debug/obj/FreeRTOS_IP.o (memmove)
/opt/gcc-linaro-7.2.1-2017.11-x86_64_arm-eabi/arm-eabi/libc/usr/lib/libc.a(lib_a-memset.o)
                              ./../../../build/tcc70xx/gcc/tcc70xx-freertos-debug/obj/main.o (memset)
/opt/gcc-linaro-7.2.1-2017.11-x86_64_arm-eabi/arm-eabi/libc/usr/lib/libc.a(lib_a-snprintf.o)
                              ./../../../build/tcc70xx/gcc/tcc70xx-freertos-debug/obj/iperf_task_v3_0d.o (snprintf)
/opt/gcc-linaro-7.2.1-2017.11-x86_64_arm-eabi/arm-eabi/libc/usr/lib/libc.a(lib_a-sprintf.o)
                              ./../../../build/tcc70xx/gcc/tcc70xx-freertos-debug/obj/iperf_task_v3_0d.o (sprintf)
/opt/gcc-linaro-7.2.1-2017.11-x86_64_arm-eabi/arm-eabi/libc/usr/lib/libc.a(lib_a-sscanf.o)
                              ./../../../build/tcc70xx/gcc/tcc70xx-freertos-debug/obj/iperf_task_v3_0d.o (sscanf)
/opt/gcc-linaro-7.2.1-2017.11-x86_64_arm-eabi/arm-eabi/libc/usr/lib/libc.a(lib_a-stdio.o)
                              /opt/gcc-linaro-7.2.1-2017.11-x86_64_arm-eabi/arm-eabi/libc/usr/lib/libc.a(lib_a-sscanf.o) (__seofread)
/opt/gcc-linaro-7.2.1-2017.11-x86_64_arm-eabi/arm-eabi/libc/usr/lib/libc.a(lib_a-strcmp.o)
                              ./../../../build/tcc70xx/gcc/tcc70xx-freertos-debug/obj/FreeRTOS_DNS.o (strcmp)
/opt/gcc-linaro-7.2.1-2017.11-x86_64_arm-eabi/arm-eabi/libc/usr/lib/libc.a(lib_a-strcpy.o)
                              ./../../../build/tcc70xx/gcc/tcc70xx-freertos-debug/obj/FreeRTOS_DNS.o (strcpy)
/opt/gcc-linaro-7.2.1-2017.11-x86_64_arm-eabi/arm-eabi/libc/usr/lib/libc.a(lib_a-strlen-stub.o)
                              ./../../../build/tcc70xx/gcc/tcc70xx-freertos-debug/obj/tasks.o (strlen)
/opt/gcc-linaro-7.2.1-2017.11-x86_64_arm-eabi/arm-eabi/libc/usr/lib/libc.a(lib_a-strncmp.o)
                              ./../../../build/tcc70xx/gcc/tcc70xx-freertos-debug/obj/iperf_task_v3_0d.o (strncmp)
/opt/gcc-linaro-7.2.1-2017.11-x86_64_arm-eabi/arm-eabi/libc/usr/lib/libc.a(lib_a-strncpy.o)
                              ./../../../build/tcc70xx/gcc/tcc70xx-freertos-debug/obj/iperf_task_v3_0d.o (strncpy)
/opt/gcc-linaro-7.2.1-2017.11-x86_64_arm-eabi/arm-eabi/libc/usr/lib/libc.a(lib_a-strnlen.o)
                              ./../../../build/tcc70xx/gcc/tcc70xx-freertos-debug/obj/sal_freertos_impl.o (strnlen)
/opt/gcc-linaro-7.2.1-2017.11-x86_64_arm-eabi/arm-eabi/libc/usr/lib/libc.a(lib_a-strtol.o)
                              /opt/gcc-linaro-7.2.1-2017.11-x86_64_arm-eabi/arm-eabi/libc/usr/lib/libc.a(lib_a-atoi.o) (_strtol_r)
/opt/gcc-linaro-7.2.1-2017.11-x86_64_arm-eabi/arm-eabi/libc/usr/lib/libc.a(lib_a-strtoul.o)
                              ./../../../build/tcc70xx/gcc/tcc70xx-freertos-debug/obj/console.o (strtoul)
/opt/gcc-linaro-7.2.1-2017.11-x86_64_arm-eabi/arm-eabi/libc/usr/lib/libc.a(lib_a-svfprintf.o)
                              /opt/gcc-linaro-7.2.1-2017.11-x86_64_arm-eabi/arm-eabi/libc/usr/lib/libc.a(lib_a-snprintf.o) (_svfprintf_r)
/opt/gcc-linaro-7.2.1-2017.11-x86_64_arm-eabi/arm-eabi/libc/usr/lib/libc.a(lib_a-svfscanf.o)
                              /opt/gcc-linaro-7.2.1-2017.11-x86_64_arm-eabi/arm-eabi/libc/usr/lib/libc.a(lib_a-sscanf.o) (__ssvfscanf_r)
/opt/gcc-linaro-7.2.1-2017.11-x86_64_arm-eabi/arm-eabi/libc/usr/lib/libc.a(lib_a-wcrtomb.o)
                              /opt/gcc-linaro-7.2.1-2017.11-x86_64_arm-eabi/arm-eabi/libc/usr/lib/libc.a(lib_a-svfprintf.o) (_wcrtomb_r)
/opt/gcc-linaro-7.2.1-2017.11-x86_64_arm-eabi/arm-eabi/libc/usr/lib/libc.a(lib_a-wcsrtombs.o)
                              /opt/gcc-linaro-7.2.1-2017.11-x86_64_arm-eabi/arm-eabi/libc/usr/lib/libc.a(lib_a-svfprintf.o) (_wcsrtombs_r)
/opt/gcc-linaro-7.2.1-2017.11-x86_64_arm-eabi/arm-eabi/libc/usr/lib/libc.a(lib_a-writer.o)
                              /opt/gcc-linaro-7.2.1-2017.11-x86_64_arm-eabi/arm-eabi/libc/usr/lib/libc.a(lib_a-stdio.o) (_write_r)
/opt/gcc-linaro-7.2.1-2017.11-x86_64_arm-eabi/arm-eabi/libc/usr/lib/libc.a(lib_a-closer.o)
                              /opt/gcc-linaro-7.2.1-2017.11-x86_64_arm-eabi/arm-eabi/libc/usr/lib/libc.a(lib_a-stdio.o) (_close_r)
/opt/gcc-linaro-7.2.1-2017.11-x86_64_arm-eabi/arm-eabi/libc/usr/lib/libc.a(lib_a-dtoa.o)
[...]
Memory Configuration

Name             Origin             Length             Attributes
SRAM             0x0000000000000000 0x0000000000079980 xrw
SRAM_CODELOAD    0x0000000000078980 0x0000000000001000 xrw
SRAM_ARM_STACK   0x0000000000079980 0x0000000000000680 xrw
CAN_NC_SRAM      0x000000000007a000 0x0000000000002000 xrw
NC_SRAM          0x000000000007c000 0x0000000000004000 xrw
REMAP_FLASH      0x0000000001043000 0x0000000000200000 xr
*default*        0x0000000000000000 0xffffffffffffffff

Linker script and memory map

                0x0000000000000000                __VECTOR_START = 0x0
                0x0000000000001000                LOADCODE_SIZE = 0x1000
                0x0000000000004000                DMA_NC_SIZE = 0x4000
                0x0000000000002000                CAN_NC_SIZE = 0x2000
                0x0000000000080000                SRAM_TOTAL_SIZE = 0x80000
                0x0000000000000680                ARM_STACK_SIZE = 0x680
                0x000000000007a000                STACK_BASE_ADDR = (((__VECTOR_START + SRAM_TOTAL_SIZE) - DMA_NC_SIZE) - CAN_NC_SIZE)

.text           0x0000000001043000    0xba298
                0x0000000001043000                __TEXT_START__ = .
 *startup.o(.text)
 .text          0x0000000001043000      0x240 ./../../../build/tcc70xx/gcc/tcc70xx-freertos-debug/obj/startup.o
                0x0000000001043000                reset
 *(.text)
 .text          0x0000000001043240     0x1814 ./../../../build/tcc70xx/gcc/tcc70xx-freertos-debug/obj/main.o
                0x0000000001043240                micros
                0x0000000001043264                millis
                0x000000000104328c                delayMicroseconds
                0x00000000010432d4                Init_Ultrasonic
                0x00000000010433f0                run_ultrasonic
                0x0000000001043548                print_double
                0x00000000010435b8                init_pwm_on_GPIO_GPA
                0x0000000001043644                set_servo_angle
                0x0000000001043820                dc_motor_forward
                0x000000000104396c                dc_motor_backward
                0x0000000001043aa8                dc_motor_stop
                0x0000000001043b6c                send_vcp_cmd
                0x0000000001043db0                cmain
 .text          0x0000000001044a54     0x1b10 ./../../../build/tcc70xx/gcc/tcc70xx-freertos-debug/obj/can_demo.o
                0x0000000001044a54                CAN_DemoSetRxQueue
                0x0000000001044a84                CAN_DemoFlushRxAll
                0x0000000001045ce8                CAN_DemoInitialize
                0x0000000001045f3c                CAN_DemoTest
                0x0000000001046460                CAN_DemoCreateApp
 .text          0x0000000001046564     0x3d34 ./../../../build/tcc70xx/gcc/tcc70xx-freertos-debug/obj/console.o
                0x000000000104a21c                CreateConsoleTask
 .text          0x000000000104a298     0x20c0 ./../../../build/tcc70xx/gcc/tcc70xx-freertos-debug/obj/fwupdate.o
                0x000000000104a5c8                FWUD_Start
                0x000000000104bb78                FWUD_Sync
                0x000000000104c2dc                CreateFWUDTask
 .text          0x000000000104c358       0xa8 ./../../../build/tcc70xx/gcc/tcc70xx-freertos-debug/obj/idle.o
                0x000000000104c384                IDLE_CreateTask
 .text          0x000000000104c400     0x1200 ./../../../build/tcc70xx/gcc/tcc70xx-freertos-debug/obj/iperf_task_v3_0d.o
                0x000000000104c470                vIPerfInstall
                0x000000000104d4ac                vIPerfTask
 .text          0x000000000104d600      0x404 ./../../../build/tcc70xx/gcc/tcc70xx-freertos-debug/obj/spi_led.o
                0x000000000104d938                SPILED_StatusOn
                0x000000000104d960                SPILED_StatusOff
                0x000000000104d988                SPILED_CreateAppTask
 .text          0x000000000104da04      0xb0c ./../../../build/tcc70xx/gcc/tcc70xx-freertos-debug/obj/audio_test.o
                0x000000000104da04                AUDIO_Read
                0x000000000104da7c                AUDIO_DACHwMute
                0x000000000104dac4                AUDIO_CreateAppTask
                0x000000000104dd58                AUDIO_Init
                0x000000000104dee4                AUDIO_SampleTest
                0x000000000104e440                AUDIO_TestUsage
 .text          0x000000000104e510      0x37c ./../../../build/tcc70xx/gcc/tcc70xx-freertos-debug/obj/audio_chip_veri.o
                0x000000000104e510                DR_Irq
                0x000000000104e580                AUDIO_LRMode_Test
                0x000000000104e864                AUDIO_ErrorOcuur_TEST
 .text          0x000000000104e88c      0x698 ./../../../build/tcc70xx/gcc/tcc70xx-freertos-debug/obj/wm8904.o
                0x000000000104e88c                WM8904_SendCmd
                0x000000000104e9e0                WM8904_ReadCmd
                0x000000000104eb28                WM8904_Initial
                0x000000000104ee30                WM8904_SetVolume
 *fill*         0x000000000104ef24        0x4 
 .text          0x000000000104ef28      0x6a0 ./../../../build/tcc70xx/gcc/tcc70xx-freertos-debug/obj/cpu_test.o
                0x000000000104ef28                Disble_Cache
                0x000000000104ef58                Enable_Cache
                0x000000000104f05c                Calculate_CacheTime
                0x000000000104f184                Calculate_FPU
                0x000000000104f52c                RemapMicomTest
 .text          0x000000000104f5c8      0x6dc ./../../../build/tcc70xx/gcc/tcc70xx-freertos-debug/obj/dse_test.o
                0x000000000104f630                DSE_Test_R5AccessFault
                0x000000000104f93c                DSE_Test_SoftFaultCheck
 .text          0x000000000104fca4     0x2e88 ./../../../build/tcc70xx/gcc/tcc70xx-freertos-debug/obj/eflash_test.o
                0x0000000001050860                EFLASHTest_ECC
                0x0000000001050afc                EFLASHTest_RESET
                0x0000000001050c98                EFLASHTest_Int_Test
                0x0000000001051250                EFLASHTest_PflashAccessControl
                0x00000000010514ec                EFLASHTest_Int_DFLASHTest
                0x0000000001051dcc                EFLASHTest_DflashEcc
                0x0000000001052068                EFLASHTest_DflashAccessControl
                0x0000000001052304                EFLASHTest_flashEraseWrite
                0x0000000001052718                EFLASHTest_snorEraseWrite
 .text          0x0000000001052b2c      0x6b4 ./../../../build/tcc70xx/gcc/tcc70xx-freertos-debug/obj/fmu_test.o
                0x000000000105318c                FMU_StartFmuTest
 .text          0x00000000010531e0      0x39c ./../../../build/tcc70xx/gcc/tcc70xx-freertos-debug/obj/gdma_test.o
                0x00000000010531e0                GDMA_SampleForM2M
 .text          0x000000000105357c        0x0 ./../../../build/tcc70xx/gcc/tcc70xx-freertos-debug/obj/gdma_ip_test.o
 .text          0x000000000105357c      0x440 ./../../../build/tcc70xx/gcc/tcc70xx-freertos-debug/obj/gic_test.o
                0x0000000001053654                GIC_Test_SmInt
                0x000000000105382c                GIC_Test_Sgi
 .text          0x00000000010539bc     0x41a4 ./../../../build/tcc70xx/gcc/tcc70xx-freertos-debug/obj/gpio_test.o
                0x0000000001057ad0                GPIO_StartGpioTest
 .text          0x0000000001057b60     0x2234 ./../../../build/tcc70xx/gcc/tcc70xx-freertos-debug/obj/gpsb_test.o
                0x0000000001059804                GPSB_CreateSlaveTestTask
                0x00000000010598a8                GPSB_Test
 .text          0x0000000001059d94     0x5f3c ./../../../build/tcc70xx/gcc/tcc70xx-freertos-debug/obj/hsm_test.o
                0x000000000105fa88                HSM_Test
 .text          0x000000000105fcd0      0x798 ./../../../build/tcc70xx/gcc/tcc70xx-freertos-debug/obj/i2c_test.o
                0x0000000001060448                I2C_TestMain
 .text          0x0000000001060468      0x838 ./../../../build/tcc70xx/gcc/tcc70xx-freertos-debug/obj/ictc_test.o
                0x0000000001060c40                ICTC_SelectTestCase
 .text          0x0000000001060ca0      0xb88 ./../../../build/tcc70xx/gcc/tcc70xx-freertos-debug/obj/lin_test.o
                0x0000000001060ca0                LIN_TestUsage
                0x0000000001060d10                LIN_GetDLC
                0x0000000001060d7c                LIN_UserResponse
                0x0000000001060ec8                LIN_CreateAppTask
                0x000000000106133c                LIN_SampleTest
 .text          0x0000000001061828      0x76c ./../../../build/tcc70xx/gcc/tcc70xx-freertos-debug/obj/pdm_test.o
                0x0000000001061f24                PDM_SelectTestCase
 .text          0x0000000001061f94      0x8bc ./../../../build/tcc70xx/gcc/tcc70xx-freertos-debug/obj/pmu_test.o
                0x0000000001062024                PMU_TEST_FmuMonitoringTest
                0x0000000001062184                PMU_TEST_GetRstStatus
                0x0000000001062664                PMU_TEST_RstMonitoringTest
                0x00000000010627dc                PMU_TEST_RstReqTest
 .text          0x0000000001062850      0x564 ./../../../build/tcc70xx/gcc/tcc70xx-freertos-debug/obj/rtc_test.o
                0x0000000001062954                RTC_TEST_Time
                0x0000000001062bd0                RTC_TEST_Alarm
 .text          0x0000000001062db4      0x128 ./../../../build/tcc70xx/gcc/tcc70xx-freertos-debug/obj/sfmc_test.o
                0x0000000001062e58                SFMC_Test
 .text          0x0000000001062edc      0x7c8 ./../../../build/tcc70xx/gcc/tcc70xx-freertos-debug/obj/echo_test.o
                0x0000000001062edc                SOCKTEST_IPInit
                0x0000000001063110                SOCKTEST_EchoSend
                0x0000000001063424                SOCKTEST_EchoRecv
 .text          0x00000000010636a4     0x12d4 ./../../../build/tcc70xx/gcc/tcc70xx-freertos-debug/obj/timer_test.o
                0x0000000001064870                TIMER_StartTimerTest
 .text          0x0000000001064978      0xd94 ./../../../build/tcc70xx/gcc/tcc70xx-freertos-debug/obj/uart_test.o
                0x00000000010653d8                UART_ConsoleTxTest
                0x0000000001065690                UART_SelectTestCase
 .text          0x000000000106570c     0x1518 ./../../../build/tcc70xx/gcc/tcc70xx-freertos-debug/obj/wdt_test.o
                0x0000000001066928                WDT_StartTest
 .text          0x0000000001066c24     0x1014 ./../../../build/tcc70xx/gcc/tcc70xx-freertos-debug/obj/writelock_test.o
                0x0000000001067c08                Test_WriteProtection
 .text          0x0000000001067c38      0x178 ./../../../build/tcc70xx/gcc/tcc70xx-freertos-debug/obj/eth_test.o
                0x0000000001067c38                ETH_TestSend
                0x0000000001067c64                ETH_TestInit
                0x0000000001067c88                ETH_TestIPInit
                0x0000000001067d78                ETH_TestIperf
                0x0000000001067d8c                ETH_TestLoopback
 .text          0x0000000001067db0     0x1580 ./../../../build/tcc70xx/gcc/tcc70xx-freertos-debug/obj/spu_test.o
                0x0000000001068c38                SPU_SelectTestCase
                0x0000000001068f1c                SPU_Test_SSL_With_Key
 .text          0x0000000001069330      0x780 ./../../../build/tcc70xx/gcc/tcc70xx-freertos-debug/obj/power_app.o
                0x0000000001069a14                POWER_APP_StartDemo
 .text          0x0000000001069ab0     0x20dc ./../../../build/tcc70xx/gcc/tcc70xx-freertos-debug/obj/power_com.o
                0x000000000106aeac                POWER_COM_Start
                0x000000000106b330                POWER_COM_HaltCh
                0x000000000106b448                POWER_COM_SendMsg
                0x000000000106b67c                POWER_COM_RecvMsg
 .text          0x000000000106bb8c     0x25dc ./../../../build/tcc70xx/gcc/tcc70xx-freertos-debug/obj/spi_eccp.o
                0x000000000106bb8c                ECCP_InitSPIManager
                0x000000000106c020                ECCP_Open
                0x000000000106c26c                ECCP_Send
                0x000000000106c40c                ECCP_Recv
                0x000000000106e060                ECCP_Dump
 .text          0x000000000106e168     0x6068 ./../../../build/tcc70xx/gcc/tcc70xx-freertos-debug/obj/hsm_manager.o
                0x000000000106e168                HSM_Init
                0x000000000106e9c4                HSM_UpdateVerify
                0x000000000106ed5c                HSM_VerifyFw
                0x000000000106eeb0                HSM_SetKey
                0x000000000106f0e8                HSM_RunAes
                0x000000000106f744                HSM_RunAesByKt
                0x000000000106fd18                HSM_GenMac
                0x00000000010701f0                HSM_GenMacByKt
                0x0000000001070640                HSM_Verifymac
                0x0000000001070afc                HSM_GenHash
                0x0000000001070e78                HSM_RunRsassa
                0x00000000010712f4                HSM_RunEcdsa
                0x00000000010718b8                HSM_RunEcdhPhaseI
                0x0000000001071dbc                HSM_RunEcdhPhaseII
                0x0000000001072244                HSM_ComputeEcdhPubKey
                0x0000000001072624                HSM_Pbkdf2
                0x0000000001072b20                HSM_CertiParse
                0x0000000001072e34                HSM_CertiVerify
                0x00000000010730fc                HSM_DfWrite
                0x0000000001073398                HSM_TRNG
                0x0000000001073630                HSM_PRNG
                0x0000000001073978                HSM_SelectBank
                0x0000000001073b30                HSM_GetVersion
                0x0000000001073d68                HSM_ProgramLDT
                0x0000000001073fe8                HSM_ReadLDT
 .text          0x00000000010741d0     0x18a0 ./../../../build/tcc70xx/gcc/tcc70xx-freertos-debug/obj/lin.o
                0x000000000107423c                LIN_CalcProtectId
                0x00000000010744ac                LIN_CalcFrameId
                0x0000000001074610                LIN_CalClassicChecksum
                0x0000000001074770                LIN_CalEnhancedChecksum
                0x0000000001074a64                LIN_ReadHeader
                0x0000000001074e1c                LIN_ReadResponse
                0x00000000010751ec                LIN_FlushRxData
                0x000000000107529c                LIN_Init
                0x0000000001075584                LIN_MasterTx
                0x0000000001075630                LIN_MasterRx
                0x0000000001075690                LIN_GetStatus
                0x00000000010757d4                LIN_RegisterCB
 .text          0x0000000001075a70      0x104 ./../../../build/tcc70xx/gcc/tcc70xx-freertos-debug/obj/swl.o
                0x0000000001075b0c                SWL_Init
                0x0000000001075b40                SWL_Write
 .text          0x0000000001075b74      0x848 ./../../../build/tcc70xx/gcc/tcc70xx-freertos-debug/obj/adc.o
                0x0000000001075ee0                ADC_Init
                0x0000000001076068                ADC_Read
                0x00000000010762a8                ADC_AutoScan
                0x0000000001076378                ADC_DeInit
 .text          0x00000000010763bc      0xa54 ./../../../build/tcc70xx/gcc/tcc70xx-freertos-debug/obj/can.o
                0x00000000010763bc                CAN_Init
                0x0000000001076560                CAN_Deinit
                0x000000000107668c                CAN_InitMessage
                0x0000000001076714                CAN_CheckNewRxMessage
                0x000000000107675c                CAN_GetNewRxMessage
                0x0000000001076850                CAN_SendMessage
                0x0000000001076954                CAN_RequestTxMessageCancellation
                0x0000000001076a14                CAN_CheckNewTxEvent
                0x0000000001076a5c                CAN_GetNewTxEvent
                0x0000000001076abc                CAN_SetControllerMode
                0x0000000001076c10                CAN_GetControllerMode
                0x0000000001076c94                CAN_GetProtocolStatus
                0x0000000001076d14                CAN_RegisterCallbackFunctionTx
                0x0000000001076d68                CAN_RegisterCallbackFunctionRx
                0x0000000001076dbc                CAN_RegisterCallbackFunctionError
 .text          0x0000000001076e10     0x3424 ./../../../build/tcc70xx/gcc/tcc70xx-freertos-debug/obj/can_drv.o
                0x0000000001076e10                CAN_DrvGetControllerInfo
                0x00000000010770a8                CAN_DrvInitChannel
                0x0000000001077174                CAN_DrvDeinitChannel
                0x0000000001077254                CAN_DrvSetNormalOperationMode
                0x00000000010773d8                CAN_DrvSetMonitoringMode
                0x00000000010774c0                CAN_DrvResetController
                0x0000000001077514                CAN_DrvSetInternalTestMode
                0x0000000001077624                CAN_DrvSetExternalTestMode
                0x0000000001077720                CAN_DrvSetWakeUpMode
                0x000000000107789c                CAN_DrvSetSleepMode
                0x0000000001079530                CAN_DrvGetProtocolStatus
                0x000000000107a0b8                CAN_DrvCallbackNotifyRxEvent
 .text          0x000000000107a234     0x1b68 ./../../../build/tcc70xx/gcc/tcc70xx-freertos-debug/obj/can_msg.o
                0x000000000107a234                CAN_MsgInit
                0x000000000107aff0                CAN_MsgPutRxMessage
                0x000000000107b094                CAN_MsgGetCountOfRxMessage
                0x000000000107b1c8                CAN_MsgGetRxMessage
                0x000000000107b6cc                CAN_MsgSetTxMessage
                0x000000000107ba30                CAN_MsgRequestTxMessageCancellation
                0x000000000107bac4                CAN_MsgGetCountOfTxEvent
                0x000000000107bb50                CAN_MsgGetTxEventMessage
 .text          0x000000000107bd9c        0x0 ./../../../build/tcc70xx/gcc/tcc70xx-freertos-debug/obj/can_par.o
 .text          0x000000000107bd9c      0xd24 ./../../../build/tcc70xx/gcc/tcc70xx-freertos-debug/obj/can_porting.o
                0x000000000107bd9c                CAN_PortingDelay
                0x000000000107be00                CAN_PortingInitHW
                0x000000000107bf2c                CAN_PortingSetControllerClock
                0x000000000107c000                CAN_PortingResetDriver
                0x000000000107c184                CAN_PortingSetInterruptHandler
                0x000000000107c1fc                CAN_PortingDisableControllerInterrupts
                0x000000000107c250                CAN_PortingEnableControllerInterrupts
                0x000000000107c2a4                CAN_PortingGetSizeofStandardIDFilterList
                0x000000000107c2e8                CAN_PortingGetSizeofExtendedIDFilterList
                0x000000000107c32c                CAN_PortingGetSizeofRxFIFO0
                0x000000000107c370                CAN_PortingGetSizeofRxFIFO1
                0x000000000107c3b4                CAN_PortingGetSizeofRxBuffer
                0x000000000107c3f8                CAN_PortingGetSizeofTxEventBuffer
                0x000000000107c43c                CAN_PortingGetSizeofTxBuffer
                0x000000000107c480                CAN_PortingGetBitRateSwitchEnable
                0x000000000107c4c4                CAN_PortingGetFDEnable
                0x000000000107c508                CAN_PortingGetStandardIDFilterEnable
                0x000000000107c54c                CAN_PortingGetExtendedIDFilterEnable
                0x000000000107c590                CAN_PortingGetStandardIDRemoteRejectEnable
                0x000000000107c5d4                CAN_PortingGetExtendedIDRemoteRejectEnable
                0x000000000107c618                CAN_PortingGetTxEventFIFOEnable
                0x000000000107c65c                CAN_PortingGetWatchDogEnable
                0x000000000107c6a0                CAN_PortingGetTimeOutEnable
                0x000000000107c6e4                CAN_PortingGetTimeStampEnable
                0x000000000107c728                CAN_PortingAllocateNonCacheMemory
                0x000000000107c7b8                CAN_PortingDeallocateNonCacheMemory
                0x000000000107c7f8                CAN_PortingGetControllerRegister
                0x000000000107c880                CAN_PortingGetConfigBaseAddr
                0x000000000107c8ac                CAN_PortingGetMessageRamBaseAddr
                0x000000000107c938                CAN_PortingGetConfigEXTS0Addr
                0x000000000107c9b4                CAN_PortingGetConfigEXTS1Addr
                0x000000000107ca30                CAN_PortingGetConfigWritePasswordAddr
                0x000000000107ca78                CAN_PortingGetConfigWriteLockAddr
 .text          0x000000000107cac0     0x22a0 ./../../../build/tcc70xx/gcc/tcc70xx-freertos-debug/obj/clock_dev.o
                0x000000000107dc0c                CLOCK_Init
                0x000000000107dcd4                CLOCK_SetPllDiv
                0x000000000107de38                CLOCK_GetPllRate
                0x000000000107deb0                CLOCK_SetPllRate
                0x000000000107e474                CLOCK_SetClkCtrlRate
                0x000000000107e514                CLOCK_GetClkCtrlRate
                0x000000000107e66c                CLOCK_IsPeriEnabled
                0x000000000107e6d4                CLOCK_EnablePeri
                0x000000000107e734                CLOCK_DisablePeri
                0x000000000107e794                CLOCK_GetPeriRate
                0x000000000107e910                CLOCK_SetPeriRate
                0x000000000107ea2c                CLOCK_IsIobusPwdn
                0x000000000107eae0                CLOCK_EnableIobus
                0x000000000107eb80                CLOCK_SetIobusPwdn
                0x000000000107ec70                CLOCK_SetSwReset
 .text          0x000000000107ed60      0xbdc ./../../../build/tcc70xx/gcc/tcc70xx-freertos-debug/obj/debug.o
                0x000000000107ed60                DBG_Putc
                0x000000000107f1c0                DBG_Printfi
                0x000000000107f910                DBG_SerialPrintf
 .text          0x000000000107f93c      0x118 ./../../../build/tcc70xx/gcc/tcc70xx-freertos-debug/obj/bsp.o
                0x000000000107f93c                BSP_PreInit
                0x000000000107f95c                BSP_Init
                0x000000000107f9c4                BSP_UndefAbortExceptionHook
                0x000000000107f9ec                BSP_SystemHalt
                0x000000000107fa2c                BSP_EnableSYSPower
 .text          0x000000000107fa54      0x440 ./../../../build/tcc70xx/gcc/tcc70xx-freertos-debug/obj/dse.o
                0x000000000107fabc                DSE_WriteLock
                0x000000000107fcb4                DSE_Deinit
                0x000000000107fd10                DSE_Init
                0x000000000107fe68                DSE_GetGrpSts
 .text          0x000000000107fe94     0x2650 ./../../../build/tcc70xx/gcc/tcc70xx-freertos-debug/obj/eflash.o
                0x00000000010809e4                EFLASH_WriteByte
                0x0000000001080f74                EFLASH_DFLASH_WriteByte
                0x00000000010812a0                EFLASH_Erase
                0x00000000010818b4                EFLASH_Init
                0x00000000010818f0                EFLASH_FWDN_LowFormat
                0x0000000001081950                EFLASH_FWDN_Read
                0x0000000001081b30                EFLASH_FWDN_Write
                0x0000000001082444                FLASH_ReadLDT
 .text          0x00000000010824e4     0x2798 ./../../../build/tcc70xx/gcc/tcc70xx-freertos-debug/obj/eth.o
                0x00000000010825b8                ETH_PrintPkt
                0x0000000001082dec                ETH_UpdateLink
                0x00000000010830d8                ETH_GetLinkStatus
                0x00000000010830fc                ETH_Rx
                0x000000000108361c                ETH_SetMacAddress
                0x0000000001084130                ETH_Send
                0x0000000001084174                ETH_Recv
                0x00000000010842c8                ETH_SetRecvBuff
                0x00000000010843a4                ETH_RegisterTask
                0x00000000010843d4                ETH_CreateRecvTask
                0x000000000108454c                ETH_SetRecvCallback
                0x000000000108457c                ETH_Prepare
                0x0000000001084644                ETH_Init
                0x000000000108465c                ETH_CornerSample_Test
 .text          0x0000000001084c7c     0x120c ./../../../build/tcc70xx/gcc/tcc70xx-freertos-debug/obj/eth_mii.o
                0x00000000010850c4                PHY_Read
                0x0000000001085140                PHY_Write
                0x0000000001085450                PHY_SetMasterSlave
                0x00000000010854ec                PHY_GetMasterSlave
                0x0000000001085540                PHY_ReadStatus
                0x00000000010856c0                PHY_Init
                0x0000000001085aa4                PHY_InitLoopback
 .text          0x0000000001085e88     0x1788 ./../../../build/tcc70xx/gcc/tcc70xx-freertos-debug/obj/fmu.o
                0x00000000010870f8                FMU_Init
                0x0000000001087180                FMU_IsrHandler
                0x0000000001087288                FMU_Set
                0x0000000001087584                FMU_IsrClr
                0x00000000010875dc                FMU_Deinit
 .text          0x0000000001087610     0x1470 ./../../../build/tcc70xx/gcc/tcc70xx-freertos-debug/obj/gdma.o
                0x0000000001087610                GDMA_InterruptEnable
                0x000000000108770c                GDMA_InterruptDisable
                0x0000000001087808                GDMA_SetAddrIncrement
                0x0000000001087900                GDMA_SetTransferWidth
                0x00000000010879f8                GDMA_SetBurstSize
                0x0000000001087af0                GDMA_SetTransferSize
                0x0000000001087bc8                GDMA_SetFlowControl
                0x0000000001087ca0                GDMA_Reset
                0x0000000001087d0c                GDMA_SetPeri
                0x0000000001087dcc                GDMA_GetTransferSize
                0x000000000108806c                GDMA_ChannelEnable
                0x0000000001088134                GDMA_WaitInterrupt
                0x0000000001088214                GDMA_ChannelDisable
                0x0000000001088390                GDMA_SetSrcAddr
                0x0000000001088438                GDMA_SetDestAddr
                0x00000000010884e0                GDMA_SetlliAddr
                0x0000000001088588                GDMA_TransferMem2Mem
                0x0000000001088850                GDMA_Init
 .text          0x0000000001088a80      0xda8 ./../../../build/tcc70xx/gcc/tcc70xx-freertos-debug/obj/gic.o
                0x0000000001088d20                GIC_Init
                0x0000000001088e58                GIC_IntSrcEn
                0x0000000001088f80                GIC_IntSrcDis
                0x00000000010890a8                GIC_IntPrioSet
                0x0000000001089138                GIC_IntVectSet
                0x000000000108935c                GIC_IntHandlerWithParam
                0x0000000001089444                GIC_IntHandler
                0x0000000001089540                GIC_IntSGI
                0x00000000010895e8                GIC_SmIrqEn
                0x0000000001089708                GIC_SmIrqSetHigh
 .text          0x0000000001089828      0xff8 ./../../../build/tcc70xx/gcc/tcc70xx-freertos-debug/obj/gpio.o
                0x00000000010898b0                GPIO_Config
                0x0000000001089db0                GPIO_Get
                0x0000000001089e34                GPIO_Set
                0x0000000001089f00                GPIO_ToNum
                0x0000000001089ff0                GPIO_PerichSel
                0x000000000108a244                GPIO_MfioCfg
                0x000000000108a6dc                GPIO_IntExtSet
 .text          0x000000000108a820     0x87f0 ./../../../build/tcc70xx/gcc/tcc70xx-freertos-debug/obj/gpsb.o
                0x000000000108b578                GPSB_Reset
                0x000000000108c478                GPSB_SetSpeed
                0x000000000108c748                GPSB_SetBpw
                0x000000000108ca54                GPSB_SetBpwNoSwap
                0x000000000108cca4                GPSB_SetMode
                0x000000000108d218                GPSB_CsAlloc
                0x000000000108d3a0                GPSB_CsInit
                0x000000000108d490                GPSB_CsActivate
                0x000000000108d544                GPSB_CsDeactivate
                0x000000000108e9a4                GPSB_AsyncXfer
                0x000000000108ee70                GPSB_Xfer
                0x000000000108f638                GPSB_Open
                0x000000000108fe18                GPSB_Close
                0x0000000001091650                GPSB_SetLbCfg
                0x00000000010917c8                GPSB_ClearLbCfg
                0x0000000001091df4                GPSB_Init
                0x0000000001091f9c                GPSB_Deinit
                0x0000000001091ffc                GPSB_SafetyEnableLock
                0x0000000001092114                GPSB_SafetyDisableLock
                0x000000000109222c                GPSB_SafetyEnableLoopback
                0x0000000001092398                GPSB_SafetyDisableLoopback
                0x00000000010924b0                GPSB_SafetyEnableMonitor
                0x00000000010926d8                GPSB_SafetyDisableMonitor
                0x00000000010927a4                GPSB_SafetyGetStatus
                0x0000000001092978                GPSB_FillSlaveTXData
                0x0000000001092b94                GPSB_SetSlaveDMAMode
                0x0000000001092ea0                GPSB_GetSlaveRXData
                0x0000000001092edc                GPSB_GetStatus
                0x0000000001092f1c                GPSB_ClearDMABuffer
 .text          0x0000000001093010        0x0 ./../../../build/tcc70xx/gcc/tcc70xx-freertos-debug/obj/gpsb_reg.o
 .text          0x0000000001093010     0x5050 ./../../../build/tcc70xx/gcc/tcc70xx-freertos-debug/obj/i2c.o
                0x00000000010934b4                I2C_ScanSlave
                0x0000000001095224                I2C_Xfer
                0x00000000010954ec                I2C_XferCmd
                0x0000000001097708                I2C_Open
                0x0000000001097b48                I2C_Close
                0x0000000001097f18                I2C_Init
                0x0000000001098020                I2C_Deinit
 .text          0x0000000001098060        0x0 ./../../../build/tcc70xx/gcc/tcc70xx-freertos-debug/obj/i2c_reg.o
 .text          0x0000000001098060     0x2704 ./../../../build/tcc70xx/gcc/tcc70xx-freertos-debug/obj/i2s.o
                0x00000000010980cc                I2S_SetGpiofunction
                0x00000000010983e0                I2S_SetClock
                0x00000000010989bc                I2S_GetTransferSize
                0x0000000001098b18                I2S_SetTransferSize
                0x0000000001098d18                I2S_TxAdmaSetting
                0x0000000001098f00                I2S_SetTASMode
                0x0000000001098f2c                I2S_SetAICMode
                0x0000000001098f58                I2S_TASClear
                0x0000000001098f98                I2S_SetTASRxFifoThreshold
                0x0000000001098fd4                I2S_SetTASTxFifoThreshold
                0x0000000001099010                I2S_HopClear
                0x0000000001099050                I2S_FifoClear
                0x00000000010990c4                I2S_DmaReset
                0x000000000109912c                I2S_SWReset
                0x0000000001099198                I2S_DaifSetting
                0x0000000001099470                I2S_DAMREnable
                0x000000000109949c                I2S_DAMRDisable
                0x00000000010994c8                I2S_DAIEnable
                0x0000000001099534                I2S_DAIDisable
                0x00000000010995a0                I2S_DMAInit
                0x00000000010996e8                I2S_DMAEnable
                0x0000000001099754                I2S_DMADisable
                0x00000000010997c0                I2S_Irq_Enable
                0x000000000109982c                I2S_Irq_Disable
                0x0000000001099898                I2S_ErrCheck_Enable
                0x00000000010998d8                I2S_ErrCheck_Disable
                0x0000000001099914                I2S_ErrCheck_Clear
                0x0000000001099954                I2S_ErrCheck_GetStatus
                0x0000000001099980                I2S_Enable
                0x00000000010999c4                I2S_Disable
                0x0000000001099a0c                I2S_GetTxDMAStatus
                0x0000000001099a38                I2S_SetTxDaSar
                0x0000000001099a68                I2S_SetTxDaSarL
                0x0000000001099a98                I2S_GetTxDaCsar
                0x0000000001099abc                I2S_GetTxDaCsarL
                0x0000000001099ae0                I2S_Irq
                0x0000000001099bc8                I2S_UpdateStatus
                0x000000000109a1c8                I2S_GetAvailable
                0x000000000109a2f0                I2S_PcmWrite
                0x000000000109a4c4                I2S_PcmRead
                0x000000000109a694                I2S_RepeatMode
 .text          0x000000000109a764     0x1fe4 ./../../../build/tcc70xx/gcc/tcc70xx-freertos-debug/obj/ictc.o
                0x000000000109a764                ICTC_GetIsrResult
                0x000000000109a7bc                ICTC_ClearIsrResult
                0x000000000109aaf4                ICTC_Init
                0x000000000109adc8                ICTC_Deinit
                0x000000000109ae68                ICTC_GetPrePeriodCnt
                0x000000000109af9c                ICTC_GetPreDutyCnt
                0x000000000109b0d0                ICTC_GetCurEdgeCnt
                0x000000000109b204                ICTC_GetPrvEdgeCnt
                0x000000000109b338                ICTC_GetREdgeTstmpCnt
                0x000000000109b568                ICTC_GetFEdgeTstmpCnt
                0x000000000109b890                ICTC_EnableCapture
                0x000000000109b9a8                ICTC_DisableCapture
                0x000000000109bacc                ICTC_SetOpEnCtrlCounter
                0x000000000109bb88                ICTC_SetOpModeCtrlReg
                0x000000000109c0dc                ICTC_SetIRQCtrlReg
                0x000000000109c3cc                ICTC_SetCallBackFunc
                0x000000000109c474                ICTC_SetTimeoutValue
                0x000000000109c4fc                ICTC_SetEdgeMatchingValue
                0x000000000109c654                ICTC_SetCompareRoundValue
 .text          0x000000000109c748      0x508 ./../../../build/tcc70xx/gcc/tcc70xx-freertos-debug/obj/mbox.o
                0x000000000109c748                MBOX_Init
                0x000000000109c7a4                MBOX_DevSendSss
                0x000000000109ca38                MBOX_DevRecvSss
                0x000000000109cc14                MBOX_Flush
 .text          0x000000000109cc50      0x884 ./../../../build/tcc70xx/gcc/tcc70xx-freertos-debug/obj/midf.o
                0x000000000109cc50                MIDF_FilterInitialize
                0x000000000109ceec                MIDF_RegisterFilterRegion
                0x000000000109d230                MIDF_UnregisterFilterRegion
 .text          0x000000000109d4d4      0x420 ./../../../build/tcc70xx/gcc/tcc70xx-freertos-debug/obj/mpu.o
                0x000000000109d624                MPU_Init
                0x000000000109d89c                MPU_GetDMABaseAddress
                0x000000000109d8c8                MPU_GetCANBaseAddress
 .text          0x000000000109d8f4       0x68 ./../../../build/tcc70xx/gcc/tcc70xx-freertos-debug/obj/preload.o
                0x000000000109d8f4                PRELOAD_loadOnRam
 .text          0x000000000109d95c     0x34f4 ./../../../build/tcc70xx/gcc/tcc70xx-freertos-debug/obj/pdm.o
                0x000000000109ff20                PDM_CfgSetWrPw
                0x000000000109ff60                PDM_CfgSetWrLock
                0x000000000109ffa0                PDM_EnableClock
                0x00000000010a0120                PDM_DisableClock
                0x00000000010a0148                PDM_Init
                0x00000000010a0674                PDM_Deinit
                0x00000000010a06c4                PDM_Enable
                0x00000000010a091c                PDM_Disable
                0x00000000010a0b04                PDM_GetChannelStatus
                0x00000000010a0c0c                PDM_SetConfig
 .text          0x00000000010a0e50     0x19f4 ./../../../build/tcc70xx/gcc/tcc70xx-freertos-debug/obj/pmio_dev.o
                0x00000000010a1994                PMIO_EarlyWakeUp
                0x00000000010a19ec                PMIO_PowerDown
                0x00000000010a1bb8                PMIO_DebugPrintPowerStatus
                0x00000000010a1dec                PMIO_Init
                0x00000000010a206c                PMIO_GetBootReason
                0x00000000010a2168                PMIO_SetGpk
                0x00000000010a21ac                PMIO_SetNotiGpkIrq
 .text          0x00000000010a2844      0x674 ./../../../build/tcc70xx/gcc/tcc70xx-freertos-debug/obj/pmio_dev_extn_pw_ctl.o
                0x00000000010a2940                PMIO_EXTN_Init
                0x00000000010a2c94                PMIO_EXTN_SetStr
                0x00000000010a2d68                PMIO_EXTN_SetPower
                0x00000000010a2e94                PMIO_EXTN_GetUsingGpk32
 .text          0x00000000010a2eb8      0x914 ./../../../build/tcc70xx/gcc/tcc70xx-freertos-debug/obj/pmu.o
                0x00000000010a3368                PMU_Init
                0x00000000010a3494                PMU_GetResetOccur
                0x00000000010a35ac                PMU_EnableResetMonitor
                0x00000000010a3614                PMU_DisableResetMonitor
                0x00000000010a367c                PMU_ColdReset
                0x00000000010a36b8                PMU_WarmReset
                0x00000000010a36f4                PMU_ClearPvtError
 .text          0x00000000010a37cc      0xd18 ./../../../build/tcc70xx/gcc/tcc70xx-freertos-debug/obj/rtc_dev.o
                0x00000000010a3cd4                RTC_Init
                0x00000000010a3d70                RTC_SetTime
                0x00000000010a3eac                RTC_GetTime
                0x00000000010a3ff0                RTC_SetAlarm
                0x00000000010a4358                RTC_EnableAlarm
                0x00000000010a44b4                RTC_ClearAlarm
 .text          0x00000000010a44e4     0xb964 ./../../../build/tcc70xx/gcc/tcc70xx-freertos-debug/obj/snor_mio.o
                0x00000000010ab4ec                SNOR_MIO_Init
                0x00000000010ae104                SNOR_MIO_Erase
                0x00000000010aee68                SNOR_MIO_Write
                0x00000000010af194                SNOR_MIO_Read_Fast
                0x00000000010af228                SNOR_MIO_Read
                0x00000000010af2bc                SNOR_MIO_FWDN_LowFormat
                0x00000000010af2f0                SNOR_MIO_FWDN_Read
                0x00000000010af470                SNOR_MIO_FWDN_Write
                0x00000000010afce8                SNOR_MIO_AutoRun
 .text          0x00000000010afe48     0x2448 ./../../../build/tcc70xx/gcc/tcc70xx-freertos-debug/obj/spu.o
                0x00000000010b0168                SPU_Get_STS
                0x00000000010b0214                SPU_Init
                0x00000000010b04d0                SPU_DeInit
                0x00000000010b0508                SPU_Start_WG_Chain
                0x00000000010b0710                SPU_Stop_WG_Chain
                0x00000000010b07c4                SPU_Start_SSL_Chain
                0x00000000010b0948                SPU_Stop_SSL_Chain
                0x00000000010b0a10                SPU_Set_Volume_Controller
                0x00000000010b0be4                SPU_Set_Channel_Mute
 .text          0x00000000010b2290      0xb90 ./../../../build/tcc70xx/gcc/tcc70xx-freertos-debug/obj/ssm.o
                0x00000000010b2688                SSM_EccEnable
                0x00000000010b2938                SSM_EccDisable
                0x00000000010b2c38                SSM_SoftFaultCheckEnable
                0x00000000010b2d3c                SSM_SoftFautlCheckDisable
 .text          0x00000000010b2e20     0x11bc ./../../../build/tcc70xx/gcc/tcc70xx-freertos-debug/obj/timer.o
                0x00000000010b2f10                TIMER_InterruptClear
                0x00000000010b2f88                TIMER_Enable
                0x00000000010b2fd4                TIMER_EnableWithMode
                0x00000000010b305c                TIMER_EnableWithCfg
                0x00000000010b3c8c                TIMER_Disable
                0x00000000010b3e50                TIMER_Init
 .text          0x00000000010b3fdc     0x4bb4 ./../../../build/tcc70xx/gcc/tcc70xx-freertos-debug/obj/uart.o
                0x00000000010b3fdc                UART_Open
                0x00000000010b407c                UART_Close
                0x00000000010b431c                UART_Read
                0x00000000010b44e4                UART_Write
                0x00000000010b4684                UART_GetData
                0x00000000010b47f0                UART_GetChar
                0x00000000010b499c                UART_PutChar
                0x00000000010b4ab4                UART_SetLineControlReg
                0x00000000010b4b3c                UART_SetInterruptClearReg
                0x00000000010b4b74                UART_SetErrorClearReg
                0x00000000010b4bac                UART_GetReceiveStatusReg
                0x00000000010b4be4                UART_GetRawInterruptStatusReg
                0x00000000010b4c1c                UART_Init
                0x00000000010b4d00                UART_ISR
 .text          0x00000000010b8b90      0x670 ./../../../build/tcc70xx/gcc/tcc70xx-freertos-debug/obj/wdt.o
                0x00000000010b8e44                WDT_KickPing
                0x00000000010b8e64                WDT_ResetSystem
                0x00000000010b8ee8                WDT_Stop
                0x00000000010b8f6c                WDT_SmMode
                0x00000000010b90f4                WDT_Init
 .text          0x00000000010b9200      0x670 ./../../../build/tcc70xx/gcc/tcc70xx-freertos-debug/obj/wdt_pmu.o
                0x00000000010b94b4                WDTPMU_KickPing
                0x00000000010b94d4                WDTPMU_ResetSystem
                0x00000000010b9558                WDTPMU_Stop
                0x00000000010b95dc                WDTPMU_SmMode
                0x00000000010b9764                WDTPMU_Init
 .text          0x00000000010b9870     0x3668 ./../../../build/tcc70xx/gcc/tcc70xx-freertos-debug/obj/tasks.o
                0x00000000010b9870                xTaskCreateStatic
                0x00000000010b9958                xTaskCreate
                0x00000000010b9db4                vTaskDelete
                0x00000000010b9f08                vTaskDelayUntil
                0x00000000010ba048                vTaskDelay
                0x00000000010ba0b8                eTaskGetState
                0x00000000010ba204                uxTaskPriorityGet
                0x00000000010ba25c                uxTaskPriorityGetFromISR
                0x00000000010ba2c0                vTaskPrioritySet
                0x00000000010ba4d8                vTaskSuspend
                0x00000000010ba6b8                vTaskResume
                0x00000000010ba7c8                xTaskResumeFromISR
                0x00000000010ba900                vTaskStartScheduler
                0x00000000010baa1c                vTaskEndScheduler
                0x00000000010baa44                vTaskSuspendAll
                0x00000000010baa7c                xTaskResumeAll
                0x00000000010bac84                xTaskGetTickCount
                0x00000000010bacb8                xTaskGetTickCountFromISR
                0x00000000010bacf8                uxTaskGetNumberOfTasks
                0x00000000010bad1c                pcTaskGetName
                0x00000000010baf28                xTaskGetHandle
                0x00000000010bb05c                xTaskCatchUpTicks
                0x00000000010bb0c8                xTaskAbortDelay
                0x00000000010bb20c                xTaskIncrementTick
                0x00000000010bb4b4                vTaskSwitchContext
                0x00000000010bb690                vTaskPlaceOnEventList
                0x00000000010bb6e8                vTaskPlaceOnUnorderedEventList
                0x00000000010bb774                vTaskPlaceOnEventListRestricted
                0x00000000010bb7e4                xTaskRemoveFromEventList
                0x00000000010bb920                vTaskRemoveFromUnorderedEventList
                0x00000000010bba34                vTaskSetTimeOutState
                0x00000000010bba90                vTaskInternalSetTimeOutState
                0x00000000010bbad8                xTaskCheckForTimeOut
                0x00000000010bbc2c                vTaskMissedYield
                0x00000000010bbed4                xTaskGetCurrentTaskHandle
                0x00000000010bbf04                xTaskGetSchedulerState
                0x00000000010bbf6c                xTaskPriorityInherit
                0x00000000010bc108                xTaskPriorityDisinherit
                0x00000000010bc254                vTaskPriorityDisinheritAfterTimeout
                0x00000000010bc3f4                uxTaskResetEventItemValue
                0x00000000010bc44c                pvTaskIncrementMutexHeldCount
                0x00000000010bc49c                ulTaskNotifyTake
                0x00000000010bc588                xTaskNotifyWait
                0x00000000010bc6b8                xTaskGenericNotify
                0x00000000010bc8b0                xTaskGenericNotifyFromISR
                0x00000000010bcb08                vTaskNotifyGiveFromISR
                0x00000000010bcc90                xTaskNotifyStateClear
                0x00000000010bcd10                ulTaskNotifyValueClear
 .text          0x00000000010bced8      0x294 ./../../../build/tcc70xx/gcc/tcc70xx-freertos-debug/obj/list.o
                0x00000000010bced8                vListInitialise
                0x00000000010bcf40                vListInitialiseItem
                0x00000000010bcf6c                vListInsertEnd
                0x00000000010bcff4                vListInsert
                0x00000000010bd0cc                uxListRemove
 .text          0x00000000010bd16c     0x2278 ./../../../build/tcc70xx/gcc/tcc70xx-freertos-debug/obj/queue.o
                0x00000000010bd16c                xQueueGenericReset
                0x00000000010bd298                xQueueGenericCreateStatic
                0x00000000010bd3a0                xQueueGenericCreate
                0x00000000010bd52c                xQueueCreateMutex
                0x00000000010bd580                xQueueCreateMutexStatic
                0x00000000010bd5e0                xQueueGetMutexHolder
                0x00000000010bd638                xQueueGetMutexHolderFromISR
                0x00000000010bd694                xQueueGiveMutexRecursive
                0x00000000010bd730                xQueueTakeMutexRecursive
                0x00000000010bd7d4                xQueueCreateCountingSemaphoreStatic
                0x00000000010bd858                xQueueCreateCountingSemaphore
                0x00000000010bd8cc                xQueueGenericSend
                0x00000000010bdba0                xQueueGenericSendFromISR
                0x00000000010bdd84                xQueueGiveFromISR
                0x00000000010bdf1c                xQueueReceive
                0x00000000010be164                xQueueSemaphoreTake
                0x00000000010be414                xQueuePeek
                0x00000000010be664                xQueueReceiveFromISR
                0x00000000010be7ac                xQueuePeekFromISR
                0x00000000010be88c                uxQueueMessagesWaiting
                0x00000000010be8d0                uxQueueSpacesAvailable
                0x00000000010be928                uxQueueMessagesWaitingFromISR
                0x00000000010be970                vQueueDelete
                0x00000000010bedc4                xQueueIsQueueEmptyFromISR
                0x00000000010bee78                xQueueIsQueueFullFromISR
                0x00000000010beee0                vQueueAddToRegistry
                0x00000000010bef74                pcQueueGetName
                0x00000000010bf000                vQueueUnregisterQueue
                0x00000000010bf09c                vQueueWaitForMessageRestricted
                0x00000000010bf140                xQueueCreateSet
                0x00000000010bf174                xQueueAddToSet
                0x00000000010bf1ec                xQueueRemoveFromSet
                0x00000000010bf270                xQueueSelectFromSet
                0x00000000010bf2b0                xQueueSelectFromSetFromISR
 .text          0x00000000010bf3e4      0x8e4 ./../../../build/tcc70xx/gcc/tcc70xx-freertos-debug/obj/event_groups.o
                0x00000000010bf3e4                xEventGroupCreateStatic
                0x00000000010bf468                xEventGroupCreate
                0x00000000010bf4c4                xEventGroupSync
                0x00000000010bf6ac                xEventGroupWaitBits
                0x00000000010bf8e4                xEventGroupClearBits
                0x00000000010bf964                xEventGroupGetBitsFromISR
                0x00000000010bf9a8                xEventGroupSetBits
                0x00000000010bfb5c                vEventGroupDelete
                0x00000000010bfbf0                vEventGroupSetBitsCallback
                0x00000000010bfc1c                vEventGroupClearBitsCallback
 .text          0x00000000010bfcc8      0xfe0 ./../../../build/tcc70xx/gcc/tcc70xx-freertos-debug/obj/timers.o
                0x00000000010bfcc8                xTimerCreateTimerTask
                0x00000000010bfd9c                xTimerCreate
                0x00000000010bfe10                xTimerCreateStatic
                0x00000000010bff58                xTimerGenericCommand
                0x00000000010c004c                xTimerGetTimerDaemonTaskHandle
                0x00000000010c0088                xTimerGetPeriod
                0x00000000010c00c8                vTimerSetReloadMode
                0x00000000010c0148                uxTimerGetReloadMode
                0x00000000010c01b0                xTimerGetExpiryTime
                0x00000000010c01f8                pcTimerGetName
                0x00000000010c0ab8                xTimerIsTimerActive
                0x00000000010c0b20                pvTimerGetTimerID
                0x00000000010c0b6c                vTimerSetTimerID
                0x00000000010c0bb8                xTimerPendFunctionCallFromISR
                0x00000000010c0c24                xTimerPendFunctionCall
 .text          0x00000000010c0ca8     0x126c ./../../../build/tcc70xx/gcc/tcc70xx-freertos-debug/obj/stream_buffer.o
                0x00000000010c0ca8                xStreamBufferGenericCreate
                0x00000000010c0d80                xStreamBufferGenericCreateStatic
                0x00000000010c0ea4                vStreamBufferDelete
                0x00000000010c0f08                xStreamBufferReset
                0x00000000010c0fa8                xStreamBufferSetTriggerLevel
                0x00000000010c1030                xStreamBufferSpacesAvailable
                0x00000000010c10cc                xStreamBufferBytesAvailable
                0x00000000010c1110                xStreamBufferSend
                0x00000000010c12f8                xStreamBufferSendFromISR
                0x00000000010c14f8                xStreamBufferReceive
                0x00000000010c169c                xStreamBufferNextMessageLengthBytes
                0x00000000010c175c                xStreamBufferReceiveFromISR
                0x00000000010c192c                xStreamBufferIsEmpty
                0x00000000010c199c                xStreamBufferIsFull
                0x00000000010c1a28                xStreamBufferSendCompletedFromISR
                0x00000000010c1ac4                xStreamBufferReceiveCompletedFromISR
 .text          0x00000000010c1f14      0x8cc ./../../../build/tcc70xx/gcc/tcc70xx-freertos-debug/obj/port.o
                0x00000000010c1f14                pxPortInitialiseStack
                0x00000000010c21a8                xPortStartScheduler
                0x00000000010c22ec                vPortEndScheduler
                0x00000000010c231c                vPortEnterCritical
                0x00000000010c2378                vPortExitCritical
                0x00000000010c2404                FreeRTOS_Tick_Handler
                0x00000000010c2498                vPortTaskUsesFPU
                0x00000000010c24d4                vPortClearInterruptMask
                0x00000000010c2530                ulPortSetInterruptMask
                0x00000000010c25a8                vPortValidateInterruptPriority
                0x00000000010c25dc                vApplicationGetIdleTaskMemory
                0x00000000010c2630                vInitialiseTimerForRunTimeStats
                0x00000000010c2648                vApplicationStackOverflowHook
                0x00000000010c266c                vApplicationGetTimerTaskMemory
                0x00000000010c26c0                vConfigureTickInterrupt
                0x00000000010c2748                vClearTickInterrupt
                0x00000000010c2760                vApplicationFPUSafeIRQHandler
                0x00000000010c2784                xPortGetInterruptNestingCount
                0x00000000010c27a8                heap_init
 .text          0x00000000010c27e0      0x8ec ./../../../build/tcc70xx/gcc/tcc70xx-freertos-debug/obj/heap_5.o
                0x00000000010c27e0                pvPortMalloc
                0x00000000010c2a38                vPortFree
                0x00000000010c2b60                xPortGetFreeHeapSize
                0x00000000010c2b84                xPortGetMinimumEverFreeHeapSize
                0x00000000010c2d00                vPortDefineHeapRegions
                0x00000000010c2f78                vPortGetHeapStats
 .text          0x00000000010c30cc      0xd10 ./../../../build/tcc70xx/gcc/tcc70xx-freertos-debug/obj/FreeRTOS_ARP.o
                0x00000000010c30cc                eARPProcessPacket
                0x00000000010c3314                vARPRefreshCacheEntry
                0x00000000010c3708                eARPGetCacheEntry
                0x00000000010c39a0                vARPAgeCache
                0x00000000010c3bdc                vARPSendGratuitous
                0x00000000010c3c04                FreeRTOS_OutputARPRequest
                0x00000000010c3ca4                vARPGenerateRequestPacket
                0x00000000010c3db8                FreeRTOS_ClearARP
 .text          0x00000000010c3ddc        0x0 ./../../../build/tcc70xx/gcc/tcc70xx-freertos-debug/obj/FreeRTOS_DHCP.o
 .text          0x00000000010c3ddc     0x2084 ./../../../build/tcc70xx/gcc/tcc70xx-freertos-debug/obj/FreeRTOS_DNS.o
                0x00000000010c3e28                FreeRTOS_dnsclear
                0x00000000010c3e4c                FreeRTOS_dnslookup
                0x00000000010c3e88                FreeRTOS_gethostbyname
                0x00000000010c46b4                ulDNSHandlePacket
                0x00000000010c4720                ulNBNSHandlePacket
 .text          0x00000000010c5e60     0x2288 ./../../../build/tcc70xx/gcc/tcc70xx-freertos-debug/obj/FreeRTOS_IP.o
                0x00000000010c6088                xIsCallingFromIPTask
                0x00000000010c63c8                FreeRTOS_NetworkDown
                0x00000000010c6428                FreeRTOS_NetworkDownFromISR
                0x00000000010c649c                FreeRTOS_GetUDPPayloadBuffer
                0x00000000010c6528                pxDuplicateNetworkBufferWithDescriptor
                0x00000000010c65c4                pxPacketBuffer_to_NetworkBuffer
                0x00000000010c663c                pxUDPPayloadBuffer_to_NetworkBuffer
                0x00000000010c66b4                FreeRTOS_ReleaseUDPPayloadBuffer
                0x00000000010c66e4                FreeRTOS_IPInit
                0x00000000010c6a40                FreeRTOS_GetAddressConfiguration
                0x00000000010c6aec                FreeRTOS_SetAddressConfiguration
                0x00000000010c6b98                xSendEventToIPTask
                0x00000000010c6be4                xSendEventStructToIPTask
                0x00000000010c6ce4                eConsiderFrameForProcessing
                0x00000000010c6e50                vIPNetworkUpCalls
                0x00000000010c77d8                usGenerateProtocolChecksum
                0x00000000010c7b58                usGenerateChecksum
                0x00000000010c7e84                vReturnEthernetFrame
                0x00000000010c7f30                FreeRTOS_GetIPAddress
                0x00000000010c7f54                FreeRTOS_SetIPAddress
                0x00000000010c7f84                FreeRTOS_GetGatewayAddress
                0x00000000010c7fa8                FreeRTOS_GetDNSServerAddress
                0x00000000010c7fcc                FreeRTOS_GetNetmask
                0x00000000010c7ff0                FreeRTOS_UpdateMACAddress
                0x00000000010c8020                FreeRTOS_GetMACAddress
                0x00000000010c8040                FreeRTOS_SetNetmask
                0x00000000010c8070                FreeRTOS_SetGatewayAddress
                0x00000000010c80a0                xIPIsNetworkTaskReady
                0x00000000010c80c4                FreeRTOS_IsNetworkUp
 .text          0x00000000010c80e8     0x3d30 ./../../../build/tcc70xx/gcc/tcc70xx-freertos-debug/obj/FreeRTOS_Sockets.o
                0x00000000010c8528                vNetworkSocketsInit
                0x00000000010c867c                FreeRTOS_socket
                0x00000000010c8868                FreeRTOS_CreateSocketSet
                0x00000000010c88dc                FreeRTOS_DeleteSocketSet
                0x00000000010c8918                FreeRTOS_FD_SET
                0x00000000010c89bc                FreeRTOS_FD_CLR
                0x00000000010c8a5c                FreeRTOS_FD_ISSET
                0x00000000010c8adc                FreeRTOS_select
                0x00000000010c8c58                FreeRTOS_recvfrom
                0x00000000010c8eac                FreeRTOS_sendto
                0x00000000010c90b0                FreeRTOS_bind
                0x00000000010c9200                vSocketBind
                0x00000000010c93b8                FreeRTOS_closesocket
                0x00000000010c943c                vSocketClose
                0x00000000010c9648                FreeRTOS_setsockopt
                0x00000000010c9dc4                pxUDPSocketLookup
                0x00000000010c9e28                FreeRTOS_inet_addr
                0x00000000010c9fec                FreeRTOS_GetLocalAddress
                0x00000000010ca068                vSocketWakeUpUser
                0x00000000010ca324                FreeRTOS_connect
                0x00000000010ca440                FreeRTOS_accept
                0x00000000010ca704                FreeRTOS_recv
                0x00000000010caaf4                FreeRTOS_get_tx_head
                0x00000000010cabc8                FreeRTOS_send
                0x00000000010cae60                FreeRTOS_listen
                0x00000000010cafc0                FreeRTOS_shutdown
                0x00000000010cb05c                xTCPTimerCheck
                0x00000000010cb1ec                pxTCPSocketLookup
                0x00000000010cb2f0                FreeRTOS_get_rx_buf
                0x00000000010cb4bc                lTCPAddRxdata
                0x00000000010cb5fc                FreeRTOS_GetRemoteAddress
                0x00000000010cb6d4                FreeRTOS_maywrite
                0x00000000010cb798                FreeRTOS_tx_space
                0x00000000010cb814                FreeRTOS_tx_size
                0x00000000010cb88c                FreeRTOS_issocketconnected
                0x00000000010cb904                FreeRTOS_mss
                0x00000000010cb958                FreeRTOS_connstatus
                0x00000000010cb9ac                FreeRTOS_rx_size
                0x00000000010cba24                FreeRTOS_netstat
                0x00000000010cba5c                vSocketSelect
 .text          0x00000000010cbe18      0x5f4 ./../../../build/tcc70xx/gcc/tcc70xx-freertos-debug/obj/FreeRTOS_Stream_Buffer.o
                0x00000000010cc088                uxStreamBufferAdd
                0x00000000010cc25c                uxStreamBufferGet
 .text          0x00000000010cc40c     0x5054 ./../../../build/tcc70xx/gcc/tcc70xx-freertos-debug/obj/FreeRTOS_TCP_IP.o
                0x00000000010cc918                xTCPSocketCheck
                0x00000000010ce36c                vTCPStateChange
                0x00000000010d0660                xProcessReceivedTCPPacket
                0x00000000010d136c                xTCPCheckNewClient
 .text          0x00000000010d1460     0x1bc8 ./../../../build/tcc70xx/gcc/tcc70xx-freertos-debug/obj/FreeRTOS_TCP_WIN.o
                0x00000000010d165c                vListInsertGeneric
                0x00000000010d19cc                xTCPWindowRxEmpty
                0x00000000010d1b90                vTCPWindowDestroy
                0x00000000010d1c48                vTCPWindowCreate
                0x00000000010d1d04                vTCPWindowInit
                0x00000000010d1e44                vTCPSegmentCleanup
                0x00000000010d1fa8                lTCPWindowRxCheck
                0x00000000010d2308                lTCPWindowTxAdd
                0x00000000010d25a0                xTCPWindowTxDone
                0x00000000010d26e8                xTCPWindowTxHasData
                0x00000000010d284c                ulTCPWindowTxGet
                0x00000000010d2f44                ulTCPWindowTxAck
                0x00000000010d2fac                ulTCPWindowTxSack
 .text          0x00000000010d3028      0x6ec ./../../../build/tcc70xx/gcc/tcc70xx-freertos-debug/obj/FreeRTOS_UDP_IP.o
                0x00000000010d3028                vProcessGeneratedUDPPacket
                0x00000000010d34b0                xProcessReceivedUDPPacket
 .text          0x00000000010d3714      0x1a4 ./../../../build/tcc70xx/gcc/tcc70xx-freertos-debug/obj/FreeRTOS_Port.o
                0x00000000010d3714                uxRand
                0x00000000010d37b0                pcApplicationHostnameHook
                0x00000000010d37d0                xApplicationDNSQueryHook
                0x00000000010d384c                ulApplicationGetNextSequenceNumber
                0x00000000010d3888                xApplicationGetRandomNumber
 .text          0x00000000010d38b8      0x518 ./../../../build/tcc70xx/gcc/tcc70xx-freertos-debug/obj/BufferAllocation_1.o
                0x00000000010d38f4                xNetworkBuffersInitialise
                0x00000000010d3a80                pxGetNetworkBufferWithDescriptor
                0x00000000010d3ba8                pxNetworkBufferGetFromISR
                0x00000000010d3c48                vNetworkBufferReleaseFromISR
                0x00000000010d3cb0                vReleaseNetworkBufferAndDescriptor
                0x00000000010d3d60                uxGetMinimumFreeNetworkBuffers
                0x00000000010d3d84                uxGetNumberOfFreeNetworkBuffers
                0x00000000010d3da8                pxResizeNetworkBufferWithDescriptor
 .text          0x00000000010d3dd0      0x39c ./../../../build/tcc70xx/gcc/tcc70xx-freertos-debug/obj/NetworkInterface.o
                0x00000000010d3e28                xNetworkInterfaceInitialise
                0x00000000010d3f08                xNetworkInterfaceOutput
                0x00000000010d3f5c                vNetworkInterfaceAllocateRAMToBuffers
                0x00000000010d4030                xGetPhyLinkStatus
 .text          0x00000000010d416c      0x7f4 ./../../../build/tcc70xx/gcc/tcc70xx-freertos-debug/obj/sal_api.o
                0x00000000010d416c                SAL_RegisterFunction
 .text          0x00000000010d4960     0x274c ./../../../build/tcc70xx/gcc/tcc70xx-freertos-debug/obj/sal_freertos_impl.o
                0x00000000010d6c50                SAL_Init
 .text          0x00000000010d70ac        0x0 ./../../../build/tcc70xx/gcc/tcc70xx-freertos-debug/obj/vector.o
 .text          0x00000000010d70ac       0x60 ./../../../build/tcc70xx/gcc/tcc70xx-freertos-debug/obj/vfp_init.o
                0x00000000010d70ac                vfp_init
 .text          0x00000000010d710c        0xc ./../../../build/tcc70xx/gcc/tcc70xx-freertos-debug/obj/arm_a.o
                0x00000000010d710c                ARM_DSB
 *fill*         0x00000000010d7118        0x8 
 .text          0x00000000010d7120      0x2b8 ./../../../build/tcc70xx/gcc/tcc70xx-freertos-debug/obj/portASM.o
                0x00000000010d7120                FreeRTOS_SWI_Handler
                0x00000000010d71c0                vPortRestoreTaskContext
                0x00000000010d7220                FreeRTOS_IRQ_Handler
                0x00000000010d7380                vApplicationIRQHandler
 .text          0x00000000010d73d8       0xb8 ./../../../build/tcc70xx/gcc/tcc70xx-freertos-debug/obj/freertos.o
                0x00000000010d73d8                FreeRTOS_ARM_ExceptUndefInstrHndlr
                0x00000000010d73ec                FreeRTOS_ARM_ExceptSwiHndlr
                0x00000000010d73f0                FreeRTOS_ARM_ExceptPrefetchAbortHndlr
                0x00000000010d7408                FreeRTOS_ARM_ExceptDataAbortHndlr
                0x00000000010d7438                FreeRTOS_ARM_ExceptIrqHndlr
                0x00000000010d743c                FreeRTOS_ARM_ExceptFiqHndlr
                0x00000000010d7454                FreeRTOS_ARM_DRegCntGet
                0x00000000010d745c                CPU_WaitForEvent
                0x00000000010d7468                CPU_DSB
                0x00000000010d7474                CPU_SR_Save
                0x00000000010d7484                CPU_SR_Restore
 .text          0x00000000010d7490       0x18 ./../../../build/tcc70xx/gcc/tcc70xx-freertos-debug/obj/sal.o
                0x00000000010d7490                ARM_ExceptUndefInstrHndlr
                0x00000000010d7494                ARM_ExceptSwiHndlr
                0x00000000010d7498                ARM_ExceptPrefetchAbortHndlr
                0x00000000010d749c                ARM_ExceptDataAbortHndlr
                0x00000000010d74a0                ARM_ExceptIrqHndlr
                0x00000000010d74a4                ARM_ExceptFiqHndlr
 .text          0x00000000010d74a8       0x30 /opt/gcc-linaro-7.2.1-2017.11-x86_64_arm-eabi/arm-eabi/libc/usr/lib/libc.a(lib_a-atoi.o)
                0x00000000010d74a8                atoi
                0x00000000010d74c0                _atoi_r
 .text          0x00000000010d74d8      0x104 /opt/gcc-linaro-7.2.1-2017.11-x86_64_arm-eabi/arm-eabi/libc/usr/lib/libc.a(lib_a-memcmp.o)
                0x00000000010d74d8                memcmp
 .text          0x00000000010d75dc      0x110 /opt/gcc-linaro-7.2.1-2017.11-x86_64_arm-eabi/arm-eabi/libc/usr/lib/libc.a(lib_a-memcpy-stub.o)
                0x00000000010d75dc                memcpy
 .text          0x00000000010d76ec      0x140 /opt/gcc-linaro-7.2.1-2017.11-x86_64_arm-eabi/arm-eabi/libc/usr/lib/libc.a(lib_a-memmove.o)
                0x00000000010d76ec                memmove
 .text          0x00000000010d782c      0x114 /opt/gcc-linaro-7.2.1-2017.11-x86_64_arm-eabi/arm-eabi/libc/usr/lib/libc.a(lib_a-memset.o)
                0x00000000010d782c                memset
 .text          0x00000000010d7940      0x188 /opt/gcc-linaro-7.2.1-2017.11-x86_64_arm-eabi/arm-eabi/libc/usr/lib/libc.a(lib_a-snprintf.o)
                0x00000000010d7940                _snprintf_r
                0x00000000010d79fc                snprintf
 .text          0x00000000010d7ac8       0xd0 /opt/gcc-linaro-7.2.1-2017.11-x86_64_arm-eabi/arm-eabi/libc/usr/lib/libc.a(lib_a-sprintf.o)
                0x00000000010d7ac8                _sprintf_r
                0x00000000010d7b28                sprintf
 .text          0x00000000010d7b98      0x100 /opt/gcc-linaro-7.2.1-2017.11-x86_64_arm-eabi/arm-eabi/libc/usr/lib/libc.a(lib_a-sscanf.o)
                0x00000000010d7b98                sscanf
                0x00000000010d7c18                _sscanf_r
 .text          0x00000000010d7c98       0xd8 /opt/gcc-linaro-7.2.1-2017.11-x86_64_arm-eabi/arm-eabi/libc/usr/lib/libc.a(lib_a-stdio.o)
                0x00000000010d7c98                __sread
                0x00000000010d7ccc                __seofread
                0x00000000010d7cd4                __swrite
                0x00000000010d7d2c                __sseek
                0x00000000010d7d5c                __sclose
 .text          0x00000000010d7d70      0x224 /opt/gcc-linaro-7.2.1-2017.11-x86_64_arm-eabi/arm-eabi/libc/usr/lib/libc.a(lib_a-strcmp.o)
                0x00000000010d7d70                strcmp
 .text          0x00000000010d7f94       0xf0 /opt/gcc-linaro-7.2.1-2017.11-x86_64_arm-eabi/arm-eabi/libc/usr/lib/libc.a(lib_a-strcpy.o)
                0x00000000010d7f94                strcpy
 .text          0x00000000010d8084       0x60 /opt/gcc-linaro-7.2.1-2017.11-x86_64_arm-eabi/arm-eabi/libc/usr/lib/libc.a(lib_a-strlen-stub.o)
                0x00000000010d8084                strlen
 .text          0x00000000010d80e4      0x100 /opt/gcc-linaro-7.2.1-2017.11-x86_64_arm-eabi/arm-eabi/libc/usr/lib/libc.a(lib_a-strncmp.o)
                0x00000000010d80e4                strncmp
 .text          0x00000000010d81e4       0xe0 /opt/gcc-linaro-7.2.1-2017.11-x86_64_arm-eabi/arm-eabi/libc/usr/lib/libc.a(lib_a-strncpy.o)
                0x00000000010d81e4                strncpy
 .text          0x00000000010d82c4       0x5c /opt/gcc-linaro-7.2.1-2017.11-x86_64_arm-eabi/arm-eabi/libc/usr/lib/libc.a(lib_a-strnlen.o)
                0x00000000010d82c4                strnlen
 .text          0x00000000010d8320      0x27c /opt/gcc-linaro-7.2.1-2017.11-x86_64_arm-eabi/arm-eabi/libc/usr/lib/libc.a(lib_a-strtol.o)
                0x00000000010d84dc                _strtol_r
                0x00000000010d8518                strtol_l
                0x00000000010d8550                strtol
 .text          0x00000000010d859c      0x28c /opt/gcc-linaro-7.2.1-2017.11-x86_64_arm-eabi/arm-eabi/libc/usr/lib/libc.a(lib_a-strtoul.o)
                0x00000000010d8768                _strtoul_r
                0x00000000010d87a4                strtoul_l
                0x00000000010d87dc                strtoul
 .text          0x00000000010d8828     0xb4c8 /opt/gcc-linaro-7.2.1-2017.11-x86_64_arm-eabi/arm-eabi/libc/usr/lib/libc.a(lib_a-svfprintf.o)
                0x00000000010dfb2c                _svfprintf_r
 .text          0x00000000010e3cf0     0x2818 /opt/gcc-linaro-7.2.1-2017.11-x86_64_arm-eabi/arm-eabi/libc/usr/lib/libc.a(lib_a-svfscanf.o)
                0x00000000010e3cf0                __ssvfscanf_r
 .text          0x00000000010e6508      0x134 /opt/gcc-linaro-7.2.1-2017.11-x86_64_arm-eabi/arm-eabi/libc/usr/lib/libc.a(lib_a-wcrtomb.o)
                0x00000000010e6508                _wcrtomb_r
                0x00000000010e65a0                wcrtomb
 .text          0x00000000010e663c       0x5c /opt/gcc-linaro-7.2.1-2017.11-x86_64_arm-eabi/arm-eabi/libc/usr/lib/libc.a(lib_a-wcsrtombs.o)
                0x00000000010e663c                _wcsrtombs_r
                0x00000000010e6660                wcsrtombs
 .text          0x00000000010e6698       0x48 /opt/gcc-linaro-7.2.1-2017.11-x86_64_arm-eabi/arm-eabi/libc/usr/lib/libc.a(lib_a-writer.o)
                0x00000000010e6698                _write_r
 .text          0x00000000010e66e0       0x3c /opt/gcc-linaro-7.2.1-2017.11-x86_64_arm-eabi/arm-eabi/libc/usr/lib/libc.a(lib_a-closer.o)
                0x00000000010e66e0                _close_r
 *fill*         0x00000000010e671c        0x4 
 .text          0x00000000010e6720     0x17dc /opt/gcc-linaro-7.2.1-2017.11-x86_64_arm-eabi/arm-eabi/libc/usr/lib/libc.a(lib_a-dtoa.o)
                0x00000000010e6908                _dtoa_r
 .text          0x00000000010e7efc      0x3dc /opt/gcc-linaro-7.2.1-2017.11-x86_64_arm-eabi/arm-eabi/libc/usr/lib/libc.a(lib_a-freer.o)
                0x00000000010e7efc                _malloc_trim_r
                0x00000000010e7ffc                _free_r
 .text          0x00000000010e82d8        0x0 /opt/gcc-linaro-7.2.1-2017.11-x86_64_arm-eabi/arm-eabi/libc/usr/lib/libc.a(lib_a-impure.o)
 .text          0x00000000010e82d8       0x78 /opt/gcc-linaro-7.2.1-2017.11-x86_64_arm-eabi/arm-eabi/libc/usr/lib/libc.a(lib_a-iswspace.o)
                0x00000000010e82d8                iswspace
 .text          0x00000000010e8350      0x2c8 /opt/gcc-linaro-7.2.1-2017.11-x86_64_arm-eabi/arm-eabi/libc/usr/lib/libc.a(lib_a-jp2uc.o)
                0x00000000010e8544                _jp2uc
 .text          0x00000000010e8618      0xd0c /opt/gcc-linaro-7.2.1-2017.11-x86_64_arm-eabi/arm-eabi/libc/usr/lib/libc.a(lib_a-locale.o)
                0x00000000010e86ac                __loadlocale
                0x00000000010e8ee4                __get_locale_env
                0x00000000010e8f78                _setlocale_r
                0x00000000010e92b4                __locale_mb_cur_max
                0x00000000010e92dc                __locale_ctype_ptr_l
                0x00000000010e92e4                __locale_ctype_ptr
                0x00000000010e930c                setlocale
 .text          0x00000000010e9324       0x58 /opt/gcc-linaro-7.2.1-2017.11-x86_64_arm-eabi/arm-eabi/libc/usr/lib/libc.a(lib_a-localeconv.o)
                0x00000000010e9324                __localeconv_l
                0x00000000010e932c                _localeconv_r
                0x00000000010e9354                localeconv
 .text          0x00000000010e937c       0x48 /opt/gcc-linaro-7.2.1-2017.11-x86_64_arm-eabi/arm-eabi/libc/usr/lib/libc.a(lib_a-lseekr.o)
                0x00000000010e937c                _lseek_r
 .text          0x00000000010e93c4      0x760 /opt/gcc-linaro-7.2.1-2017.11-x86_64_arm-eabi/arm-eabi/libc/usr/lib/libc.a(lib_a-mallocr.o)
                0x00000000010e93c4                _malloc_r
 .text          0x00000000010e9b24      0x14c /opt/gcc-linaro-7.2.1-2017.11-x86_64_arm-eabi/arm-eabi/libc/usr/lib/libc.a(lib_a-mbrtowc.o)
                0x00000000010e9b24                _mbrtowc_r
                0x00000000010e9bcc                mbrtowc
 .text          0x00000000010e9c70      0x744 /opt/gcc-linaro-7.2.1-2017.11-x86_64_arm-eabi/arm-eabi/libc/usr/lib/libc.a(lib_a-mbtowc_r.o)
                0x00000000010e9c70                _mbtowc_r
                0x00000000010e9ca4                __ascii_mbtowc
                0x00000000010e9ce8                __utf8_mbtowc
                0x00000000010e9ff0                __sjis_mbtowc
                0x00000000010ea0c4                __eucjp_mbtowc
                0x00000000010ea1fc                __jis_mbtowc
 .text          0x00000000010ea3b4      0x110 /opt/gcc-linaro-7.2.1-2017.11-x86_64_arm-eabi/arm-eabi/libc/usr/lib/libc.a(lib_a-memchr-stub.o)
                0x00000000010ea3b4                memchr
 .text          0x00000000010ea4c4        0x8 /opt/gcc-linaro-7.2.1-2017.11-x86_64_arm-eabi/arm-eabi/libc/usr/lib/libc.a(lib_a-mlock.o)
                0x00000000010ea4c4                __malloc_lock
                0x00000000010ea4c8                __malloc_unlock
 .text          0x00000000010ea4cc      0xdb8 /opt/gcc-linaro-7.2.1-2017.11-x86_64_arm-eabi/arm-eabi/libc/usr/lib/libc.a(lib_a-mprec.o)
                0x00000000010ea4cc                _Balloc
                0x00000000010ea558                _Bfree
                0x00000000010ea574                __multadd
                0x00000000010ea650                __s2b
                0x00000000010ea734                __hi0bits
                0x00000000010ea78c                __lo0bits
                0x00000000010ea82c                __i2b
                0x00000000010ea850                __multiply
                0x00000000010eaa50                __pow5mult
                0x00000000010eab54                __lshift
                0x00000000010eac48                __mcmp
                0x00000000010eaca8                __mdiff
                0x00000000010eae30                __ulp
                0x00000000010eae98                __b2d
                0x00000000010eaf78                __d2b
                0x00000000010eb090                __ratio
                0x00000000010eb120                _mprec_log10
                0x00000000010eb180                __copybits
                0x00000000010eb20c                __any_on
 .text          0x00000000010eb284       0x48 /opt/gcc-linaro-7.2.1-2017.11-x86_64_arm-eabi/arm-eabi/libc/usr/lib/libc.a(lib_a-readr.o)
                0x00000000010eb284                _read_r
 .text          0x00000000010eb2cc      0x124 /opt/gcc-linaro-7.2.1-2017.11-x86_64_arm-eabi/arm-eabi/libc/usr/lib/libc.a(lib_a-reent.o)
                0x00000000010eb2cc                cleanup_glue
                0x00000000010eb300                _reclaim_reent
 .text          0x00000000010eb3f0       0x98 /opt/gcc-linaro-7.2.1-2017.11-x86_64_arm-eabi/arm-eabi/libc/usr/lib/libc.a(lib_a-s_frexp.o)
                0x00000000010eb3f0                frexp
 .text          0x00000000010eb488       0x3c /opt/gcc-linaro-7.2.1-2017.11-x86_64_arm-eabi/arm-eabi/libc/usr/lib/libc.a(lib_a-sbrkr.o)
                0x00000000010eb488                _sbrk_r
 .text          0x00000000010eb4c4       0xcc /opt/gcc-linaro-7.2.1-2017.11-x86_64_arm-eabi/arm-eabi/libc/usr/lib/libc.a(lib_a-sccl.o)
                0x00000000010eb4c4                __sccl
 .text          0x00000000010eb590        0xc /opt/gcc-linaro-7.2.1-2017.11-x86_64_arm-eabi/arm-eabi/libc/usr/lib/libc.a(lib_a-sf_nan.o)
                0x00000000010eb590                nanf
 .text          0x00000000010eb59c      0x104 /opt/gcc-linaro-7.2.1-2017.11-x86_64_arm-eabi/arm-eabi/libc/usr/lib/libc.a(lib_a-stpncpy.o)
                0x00000000010eb59c                stpncpy
 .text          0x00000000010eb6a0       0x70 /opt/gcc-linaro-7.2.1-2017.11-x86_64_arm-eabi/arm-eabi/libc/usr/lib/libc.a(lib_a-strcasecmp.o)
                0x00000000010eb6a0                strcasecmp
 .text          0x00000000010eb710       0x74 /opt/gcc-linaro-7.2.1-2017.11-x86_64_arm-eabi/arm-eabi/libc/usr/lib/libc.a(lib_a-strcat.o)
                0x00000000010eb710                strcat
 .text          0x00000000010eb784      0x184 /opt/gcc-linaro-7.2.1-2017.11-x86_64_arm-eabi/arm-eabi/libc/usr/lib/libc.a(lib_a-strchr.o)
                0x00000000010eb784                strchr
 .text          0x00000000010eb908       0x54 /opt/gcc-linaro-7.2.1-2017.11-x86_64_arm-eabi/arm-eabi/libc/usr/lib/libc.a(lib_a-strlcpy.o)
                0x00000000010eb908                strlcpy
 .text          0x00000000010eb95c       0x94 /opt/gcc-linaro-7.2.1-2017.11-x86_64_arm-eabi/arm-eabi/libc/usr/lib/libc.a(lib_a-strncasecmp.o)
                0x00000000010eb95c                strncasecmp
 .text          0x00000000010eb9f0     0x18a4 /opt/gcc-linaro-7.2.1-2017.11-x86_64_arm-eabi/arm-eabi/libc/usr/lib/libc.a(lib_a-strtod.o)
                0x00000000010eb9f0                _strtod_l
                0x00000000010ed030                _strtod_r
                0x00000000010ed054                strtod_l
                0x00000000010ed070                strtod
                0x00000000010ed0a8                strtof_l
                0x00000000010ed194                strtof
 .text          0x00000000010ed294      0x354 /opt/gcc-linaro-7.2.1-2017.11-x86_64_arm-eabi/arm-eabi/libc/usr/lib/libc.a(lib_a-strtoll.o)
                0x00000000010ed528                _strtoll_r
                0x00000000010ed564                strtoll_l
                0x00000000010ed59c                strtoll
 .text          0x00000000010ed5e8      0x338 /opt/gcc-linaro-7.2.1-2017.11-x86_64_arm-eabi/arm-eabi/libc/usr/lib/libc.a(lib_a-strtoull.o)
                0x00000000010ed860                _strtoull_r
                0x00000000010ed89c                strtoull_l
                0x00000000010ed8d4                strtoull
 .text          0x00000000010ed920     0x9c7c /opt/gcc-linaro-7.2.1-2017.11-x86_64_arm-eabi/arm-eabi/libc/usr/lib/libc.a(lib_a-svfiprintf.o)
                0x00000000010f49f4                __ssprint_r
                0x00000000010f4b84                _svfiprintf_r
 .text          0x00000000010f759c     0x20e8 /opt/gcc-linaro-7.2.1-2017.11-x86_64_arm-eabi/arm-eabi/libc/usr/lib/libc.a(lib_a-svfiscanf.o)
                0x00000000010f759c                _sungetc_r
                0x00000000010f7680                __ssrefill_r
                0x00000000010f76ec                _sfread_r
                0x00000000010f77bc                __ssvfiscanf_r
 .text          0x00000000010f9684      0xa0c /opt/gcc-linaro-7.2.1-2017.11-x86_64_arm-eabi/arm-eabi/libc/usr/lib/libc.a(lib_a-syscalls.o)
                0x00000000010f973c                initialise_monitor_handles
                0x00000000010f97ec                _swiread
                0x00000000010f9830                _read
                0x00000000010f98f8                _swilseek
                0x00000000010f99f4                _lseek
                0x00000000010f9a14                _swiwrite
                0x00000000010f9a58                _write
                0x00000000010f9b24                _swiopen
                0x00000000010f9c28                _open
                0x00000000010f9c5c                _swiclose
                0x00000000010f9cd0                _close
                0x00000000010f9cf0                _kill
                0x00000000010f9d28                _exit
                0x00000000010f9d50                _getpid
                0x00000000010f9d58                _sbrk
                0x00000000010f9db8                _fstat
                0x00000000010f9dec                _stat
                0x00000000010f9e58                _link
                0x00000000010f9e60                _unlink
                0x00000000010f9eb8                _raise
                0x00000000010f9ebc                _gettimeofday
                0x00000000010f9f04                _times
                0x00000000010f9f40                _isatty
                0x00000000010f9f90                _system
                0x00000000010fa024                _rename
 .text          0x00000000010fa090      0x23c /opt/gcc-linaro-7.2.1-2017.11-x86_64_arm-eabi/arm-eabi/libc/usr/lib/libc.a(lib_a-ungetc.o)
                0x00000000010fa090                __submore
                0x00000000010fa140                _ungetc_r
                0x00000000010fa2b4                ungetc
 .text          0x00000000010fa2cc      0x21c /opt/gcc-linaro-7.2.1-2017.11-x86_64_arm-eabi/arm-eabi/libc/usr/lib/libc.a(lib_a-wcsnrtombs.o)
                0x00000000010fa2cc                _wcsnrtombs_l
                0x00000000010fa448                _wcsnrtombs_r
                0x00000000010fa490                wcsnrtombs
 .text          0x00000000010fa4e8      0x35c /opt/gcc-linaro-7.2.1-2017.11-x86_64_arm-eabi/arm-eabi/libc/usr/lib/libc.a(lib_a-wctomb_r.o)
                0x00000000010fa4e8                _wctomb_r
                0x00000000010fa51c                __ascii_wctomb
                0x00000000010fa544                __utf8_wctomb
                0x00000000010fa630                __sjis_wctomb
                0x00000000010fa6b8                __eucjp_wctomb
                0x00000000010fa768                __jis_wctomb
 .text          0x00000000010fa844       0x98 /opt/gcc-linaro-7.2.1-2017.11-x86_64_arm-eabi/arm-eabi/libc/usr/lib/libc.a(lib_a-callocr.o)
                0x00000000010fa844                _calloc_r
 .text          0x00000000010fa8dc       0x10 /opt/gcc-linaro-7.2.1-2017.11-x86_64_arm-eabi/arm-eabi/libc/usr/lib/libc.a(lib_a-ctype_.o)
                0x00000000010fa8dc                __set_ctype
 .text          0x00000000010fa8ec       0x10 /opt/gcc-linaro-7.2.1-2017.11-x86_64_arm-eabi/arm-eabi/libc/usr/lib/libc.a(lib_a-errno.o)
                0x00000000010fa8ec                __errno
 .text          0x00000000010fa8fc      0x2dc /opt/gcc-linaro-7.2.1-2017.11-x86_64_arm-eabi/arm-eabi/libc/usr/lib/libc.a(lib_a-fflush.o)
                0x00000000010fa8fc                __sflush_r
                0x00000000010fab44                _fflush_r
                0x00000000010faba0                fflush
 .text          0x00000000010fabd8      0x340 /opt/gcc-linaro-7.2.1-2017.11-x86_64_arm-eabi/arm-eabi/libc/usr/lib/libc.a(lib_a-findfp.o)
                0x00000000010fabe0                _cleanup_r
                0x00000000010fad48                __sfmoreglue
                0x00000000010fad98                __sfp
                0x00000000010fae8c                _cleanup
                0x00000000010faeb0                __sinit
                0x00000000010faec0                __sfp_lock_acquire
                0x00000000010faec4                __sfp_lock_release
                0x00000000010faec8                __sinit_lock_acquire
                0x00000000010faecc                __sinit_lock_release
                0x00000000010faed0                __fp_lock_all
                0x00000000010faef4                __fp_unlock_all
 .text          0x00000000010faf18       0xf8 /opt/gcc-linaro-7.2.1-2017.11-x86_64_arm-eabi/arm-eabi/libc/usr/lib/libc.a(lib_a-fwalk.o)
                0x00000000010faf18                _fwalk
                0x00000000010faf90                _fwalk_reent
 .text          0x00000000010fb010      0x90c /opt/gcc-linaro-7.2.1-2017.11-x86_64_arm-eabi/arm-eabi/libc/usr/lib/libc.a(lib_a-gdtoa-gethex.o)
                0x00000000010fb11c                __gethex
 .text          0x00000000010fb91c      0x2c8 /opt/gcc-linaro-7.2.1-2017.11-x86_64_arm-eabi/arm-eabi/libc/usr/lib/libc.a(lib_a-gdtoa-hexnan.o)
                0x00000000010fb91c                __match
                0x00000000010fb984                __hexnan
 .text          0x00000000010fbbe4       0xec /opt/gcc-linaro-7.2.1-2017.11-x86_64_arm-eabi/arm-eabi/libc/usr/lib/libc.a(lib_a-getenv_r.o)
                0x00000000010fbbe4                _findenv_r
                0x00000000010fbcb4                _getenv_r
 .text          0x00000000010fbcd0      0x4dc /opt/gcc-linaro-7.2.1-2017.11-x86_64_arm-eabi/arm-eabi/libc/usr/lib/libc.a(lib_a-reallocr.o)
                0x00000000010fbcd0                _realloc_r
 .text          0x00000000010fc1ac        0x0 /opt/gcc-linaro-7.2.1-2017.11-x86_64_arm-eabi/arm-eabi/libc/usr/lib/libc.a(lib_a-environ.o)
 .text          0x00000000010fc1ac        0x8 /opt/gcc-linaro-7.2.1-2017.11-x86_64_arm-eabi/arm-eabi/libc/usr/lib/libc.a(lib_a-envlock.o)
                0x00000000010fc1ac                __env_lock
                0x00000000010fc1b0                __env_unlock
 .text          0x00000000010fc1b4      0x114 /opt/gcc-linaro-7.2.1-2017.11-x86_64_arm-eabi/arm-eabi/libc/usr/lib/libc.a(lib_a-fclose.o)
                0x00000000010fc1b4                _fclose_r
                0x00000000010fc2b4                fclose
 .text          0x00000000010fc2c8        0x8 /opt/gcc-linaro-7.2.1-2017.11-x86_64_arm-eabi/arm-eabi/libc/usr/lib/libm.a(lib_a-sf_fabs.o)
                0x00000000010fc2c8                fabsf
 .text          0x00000000010fc2d0      0x114 /opt/gcc-linaro-7.2.1-2017.11-x86_64_arm-eabi/arm-eabi/libc/usr/lib/libgcc.a(_udivsi3.o)
                0x00000000010fc2d0                __udivsi3
                0x00000000010fc2d0                __aeabi_uidiv
                0x00000000010fc3c4                __aeabi_uidivmod
 .text          0x00000000010fc3e4        0x4 /opt/gcc-linaro-7.2.1-2017.11-x86_64_arm-eabi/arm-eabi/libc/usr/lib/libgcc.a(_dvmd_tls.o)
                0x00000000010fc3e4                __aeabi_ldiv0
                0x00000000010fc3e4                __aeabi_idiv0
 .text          0x00000000010fc3e8      0x424 /opt/gcc-linaro-7.2.1-2017.11-x86_64_arm-eabi/arm-eabi/libc/usr/lib/libgcc.a(_arm_addsubdf3.o)
                0x00000000010fc3e8                __aeabi_drsub
                0x00000000010fc3f0                __aeabi_dsub
                0x00000000010fc3f0                __subdf3
                0x00000000010fc3f4                __adddf3
                0x00000000010fc3f4                __aeabi_dadd
                0x00000000010fc704                __aeabi_ui2d
                0x00000000010fc704                __floatunsidf
                0x00000000010fc728                __floatsidf
                0x00000000010fc728                __aeabi_i2d
                0x00000000010fc750                __extendsfdf2
                0x00000000010fc750                __aeabi_f2d
                0x00000000010fc798                __aeabi_ul2d
                0x00000000010fc798                __floatundidf
                0x00000000010fc7ac                __floatdidf
                0x00000000010fc7ac                __aeabi_l2d
 .text          0x00000000010fc80c      0x49c /opt/gcc-linaro-7.2.1-2017.11-x86_64_arm-eabi/arm-eabi/libc/usr/lib/libgcc.a(_arm_muldivdf3.o)
                0x00000000010fc80c                __aeabi_dmul
                0x00000000010fc80c                __muldf3
                0x00000000010fca9c                __aeabi_ddiv
                0x00000000010fca9c                __divdf3
 .text          0x00000000010fcca8      0x144 /opt/gcc-linaro-7.2.1-2017.11-x86_64_arm-eabi/arm-eabi/libc/usr/lib/libgcc.a(_arm_cmpdf2.o)
                0x00000000010fcca8                __gtdf2
                0x00000000010fcca8                __gedf2
                0x00000000010fccb0                __ltdf2
                0x00000000010fccb0                __ledf2
                0x00000000010fccb8                __cmpdf2
                0x00000000010fccb8                __eqdf2
                0x00000000010fccb8                __nedf2
                0x00000000010fcd40                __aeabi_cdrcmple
                0x00000000010fcd5c                __aeabi_cdcmple
                0x00000000010fcd5c                __aeabi_cdcmpeq
                0x00000000010fcd74                __aeabi_dcmpeq
                0x00000000010fcd8c                __aeabi_dcmplt
                0x00000000010fcda4                __aeabi_dcmple
                0x00000000010fcdbc                __aeabi_dcmpge
                0x00000000010fcdd4                __aeabi_dcmpgt
 .text          0x00000000010fcdec       0x38 /opt/gcc-linaro-7.2.1-2017.11-x86_64_arm-eabi/arm-eabi/libc/usr/lib/libgcc.a(_arm_unorddf2.o)
                0x00000000010fcdec                __aeabi_dcmpun
                0x00000000010fcdec                __unorddf2
 .text          0x00000000010fce24       0x5c /opt/gcc-linaro-7.2.1-2017.11-x86_64_arm-eabi/arm-eabi/libc/usr/lib/libgcc.a(_arm_fixdfsi.o)
                0x00000000010fce24                __fixdfsi
                0x00000000010fce24                __aeabi_d2iz
 .text          0x00000000010fce80       0x54 /opt/gcc-linaro-7.2.1-2017.11-x86_64_arm-eabi/arm-eabi/libc/usr/lib/libgcc.a(_arm_fixunsdfsi.o)
                0x00000000010fce80                __fixunsdfsi
                0x00000000010fce80                __aeabi_d2uiz
 .text          0x00000000010fced4       0xa0 /opt/gcc-linaro-7.2.1-2017.11-x86_64_arm-eabi/arm-eabi/libc/usr/lib/libgcc.a(_arm_truncdfsf2.o)
                0x00000000010fced4                __aeabi_d2f
                0x00000000010fced4                __truncdfsf2
 .text          0x00000000010fcf74      0x114 /opt/gcc-linaro-7.2.1-2017.11-x86_64_arm-eabi/arm-eabi/libc/usr/lib/libgcc.a(_arm_cmpsf2.o)
                0x00000000010fcf74                __gtsf2
                0x00000000010fcf74                __gesf2
                0x00000000010fcf7c                __lesf2
                0x00000000010fcf7c                __ltsf2
                0x00000000010fcf84                __nesf2
                0x00000000010fcf84                __eqsf2
                0x00000000010fcf84                __cmpsf2
                0x00000000010fcfe8                __aeabi_cfrcmple
                0x00000000010fcff8                __aeabi_cfcmple
                0x00000000010fcff8                __aeabi_cfcmpeq
                0x00000000010fd010                __aeabi_fcmpeq